[2026-08-22 04:57:16] 📲 已發送警報:
🚨 **【區域即時降雨回報】**
• **鹿港鎮** (鹿港) 即時雨量：**5.5 mm**
• **福興鄉** (福興) 即時雨量：**12.0 mm**
• **鹿港鎮** (頭汴) 即時雨量：**10.0 mm**
• **和美鎮** (國三N191K) 即時雨量：**12.5 mm**
• **鹿港鎮** (西濱S168K) 即時雨量：**1.5 mm**
• **福興鄉** (福寶) 即時雨量：**7.0 mm**
• **和美鎮** (和美) 即時雨量：**9.5 mm**
----------------------------------------
[2026-08-22 05:57:42] 📲 已發送警報:
🚨 **【區域即時降雨回報】**
• **鹿港鎮** (鹿港) 即時雨量：**5.5 mm**
• **福興鄉** (福興) 即時雨量：**12.5 mm**
• **鹿港鎮** (頭汴) 即時雨量：**10.0 mm**
• **和美鎮** (國三N191K) 即時雨量：**12.5 mm**
• **鹿港鎮** (西濱S168K) 即時雨量：**1.5 mm**
• **福興鄉** (福寶) 即時雨量：**7.0 mm**
• **和美鎮** (和美) 即時雨量：**9.5 mm**
----------------------------------------
[2026-08-22 07:46:13] 📲 已發送警報:
🚨 **【區域即時降雨回報】**
• **鹿港鎮** (鹿港) 即時雨量：**8.0 mm**
• **福興鄉** (福興) 即時雨量：**13.0 mm**
• **鹿港鎮** (頭汴) 即時雨量：**10.0 mm**
• **和美鎮** (國三N191K) 即時雨量：**12.5 mm**
• **鹿港鎮** (西濱S168K) 即時雨量：**4.0 mm**
• **福興鄉** (福寶) 即時雨量：**11.0 mm**
• **和美鎮** (和美) 即時雨量：**9.5 mm**
----------------------------------------
